INCLUDING DEPENDENCY MoveStdlib
INCLUDING DEPENDENCY Sui
INCLUDING DEPENDENCY deepbook
INCLUDING DEPENDENCY deepbook_margin
INCLUDING DEPENDENCY pyth
INCLUDING DEPENDENCY token
INCLUDING DEPENDENCY usdc
BUILDING slippage_swap
[0m[1m[38;5;9merror[E03003][0m[1m: unbound module member[0m
    [0m[34m┌─[0m /Users/alilloig/workspace/deepbook-sandbox/sandbox/.external-packages/deepbook_margin/tests/helper/oracle_tests.move:341:5
    [0m[34m│[0m
[0m[34m341[0m [0m[34m│[0m     [0m[31mprice_info::new_price_info_object_for_test[0m(price_info, scenario.ctx())
    [0m[34m│[0m     [0m[31m^^^^^^^^^^^^^^^^^^^^^^^^^^^^^^^^^^^^^^^^^^[0m [0m[31mInvalid module access. Unbound function 'new_price_info_object_for_test' in module 'pyth::price_info'[0m

[0m[1m[38;5;11mwarning[W01004][0m[1m: invalid documentation comment[0m
  [0m[34m┌─[0m /Users/alilloig/workspace/deepbook-sandbox/sandbox/packages/pyth/sources/price.move:4:5
  [0m[34m│[0m  
[0m[34m4[0m [0m[34m│[0m [0m[33m╭[0m     [0m[33m/// A price with a degree of uncertainty, represented as a price +- a confidence interval.[0m
[0m[34m5[0m [0m[34m│[0m [0m[33m│[0m [0m[33m    ///[0m
[0m[34m6[0m [0m[34m│[0m [0m[33m│[0m [0m[33m    /// The confidence interval roughly corresponds to the standard error of a normal distribution.[0m
[0m[34m7[0m [0m[34m│[0m [0m[33m│[0m [0m[33m    /// Both the price and confidence are stored in a fixed-point numeric representation,[0m
[0m[34m8[0m [0m[34m│[0m [0m[33m│[0m [0m[33m    /// `x * (10^expo)`, where `expo` is the exponent.[0m
  [0m[34m│[0m [0m[33m╰[0m[0m[33m──────────────────────────────────────────────────────^ Documentation comment cannot be matched to a language item[0m

[0m[1m[38;5;9merror[E03002][0m[1m: unbound module[0m
   [0m[34m┌─[0m ./tests/slippage_swap_tests.move:12:5
   [0m[34m│[0m
[0m[34m12[0m [0m[34m│[0m use [0m[31mslippage_swap::slippage_swap[0m;
   [0m[34m│[0m     [0m[31m^^^^^^^^^^^^^^^^^^^^^^^^^^^^[0m [0m[31mInvalid 'use'. Unbound module: 'slippage_swap::slippage_swap'[0m

[0m[1m[38;5;11mwarning[W09002][0m[1m: unused variable[0m
   [0m[34m┌─[0m ./tests/slippage_swap_tests.move:49:13
   [0m[34m│[0m
[0m[34m49[0m [0m[34m│[0m         let [0m[33mbase_in[0m = mint_for_testing<SUI>(base_in_amount(), test.ctx());
   [0m[34m│[0m             [0m[33m^^^^^^^[0m [0m[33mUnused local variable 'base_in'. Consider removing or prefixing with an underscore: '_base_in'[0m
   [0m[34m│[0m
   [0m[34m=[0m This warning can be suppressed with '#[allow(unused_variable)]' applied to the 'module' or module member ('const', 'fun', or 'struct')

[0m[1m[38;5;11mwarning[W09002][0m[1m: unused variable[0m
   [0m[34m┌─[0m ./tests/slippage_swap_tests.move:50:13
   [0m[34m│[0m
[0m[34m50[0m [0m[34m│[0m         let [0m[33mdeep_in[0m = mint_for_testing<DEEP>(DEEP_IN, test.ctx());
   [0m[34m│[0m             [0m[33m^^^^^^^[0m [0m[33mUnused local variable 'deep_in'. Consider removing or prefixing with an underscore: '_deep_in'[0m
   [0m[34m│[0m
   [0m[34m=[0m This warning can be suppressed with '#[allow(unused_variable)]' applied to the 'module' or module member ('const', 'fun', or 'struct')

[0m[1m[38;5;9merror[E03006][0m[1m: unexpected name in this position[0m
   [0m[34m┌─[0m ./tests/slippage_swap_tests.move:52:9
   [0m[34m│[0m
[0m[34m52[0m [0m[34m│[0m         [0m[31mslippage_swap::swap_exact_base_for_quote[0m<SUI, USDC>(
   [0m[34m│[0m         [0m[31m^^^^^^^^^^^^^^^^^^^^^^^^^^^^^^^^^^^^^^^^[0m [0m[31mUnexpected module identifier. A module identifier is not a valid expression[0m

[0m[1m[38;5;11mwarning[W09002][0m[1m: unused variable[0m
   [0m[34m┌─[0m ./tests/slippage_swap_tests.move:86:9
   [0m[34m│[0m
[0m[34m86[0m [0m[34m│[0m     let [0m[33mmin_out[0m: u64 = 1_000_000_000_000_000; // far above realisable for 1 base unit
   [0m[34m│[0m         [0m[33m^^^^^^^[0m [0m[33mUnused local variable 'min_out'. Consider removing or prefixing with an underscore: '_min_out'[0m
   [0m[34m│[0m
   [0m[34m=[0m This warning can be suppressed with '#[allow(unused_variable)]' applied to the 'module' or module member ('const', 'fun', or 'struct')

[0m[1m[38;5;11mwarning[W09002][0m[1m: unused variable[0m
   [0m[34m┌─[0m ./tests/slippage_swap_tests.move:92:13
   [0m[34m│[0m
[0m[34m92[0m [0m[34m│[0m         let [0m[33mbase_in[0m = mint_for_testing<SUI>(base_in_amount(), test.ctx());
   [0m[34m│[0m             [0m[33m^^^^^^^[0m [0m[33mUnused local variable 'base_in'. Consider removing or prefixing with an underscore: '_base_in'[0m
   [0m[34m│[0m
   [0m[34m=[0m This warning can be suppressed with '#[allow(unused_variable)]' applied to the 'module' or module member ('const', 'fun', or 'struct')

[0m[1m[38;5;11mwarning[W09002][0m[1m: unused variable[0m
   [0m[34m┌─[0m ./tests/slippage_swap_tests.move:93:13
   [0m[34m│[0m
[0m[34m93[0m [0m[34m│[0m         let [0m[33mdeep_in[0m = mint_for_testing<DEEP>(DEEP_IN, test.ctx());
   [0m[34m│[0m             [0m[33m^^^^^^^[0m [0m[33mUnused local variable 'deep_in'. Consider removing or prefixing with an underscore: '_deep_in'[0m
   [0m[34m│[0m
   [0m[34m=[0m This warning can be suppressed with '#[allow(unused_variable)]' applied to the 'module' or module member ('const', 'fun', or 'struct')

[0m[1m[38;5;9merror[E03006][0m[1m: unexpected name in this position[0m
   [0m[34m┌─[0m ./tests/slippage_swap_tests.move:95:9
   [0m[34m│[0m
[0m[34m95[0m [0m[34m│[0m         [0m[31mslippage_swap::swap_exact_base_for_quote[0m<SUI, USDC>(
   [0m[34m│[0m         [0m[31m^^^^^^^^^^^^^^^^^^^^^^^^^^^^^^^^^^^^^^^^[0m [0m[31mUnexpected module identifier. A module identifier is not a valid expression[0m

[0m[1m[38;5;11mwarning[W09002][0m[1m: unused variable[0m
    [0m[34m┌─[0m ./tests/slippage_swap_tests.move:126:17
    [0m[34m│[0m
[0m[34m126[0m [0m[34m│[0m             let [0m[33mbase_in[0m = mint_for_testing<SUI>(base_in_amount(), test.ctx());
    [0m[34m│[0m                 [0m[33m^^^^^^^[0m [0m[33mUnused local variable 'base_in'. Consider removing or prefixing with an underscore: '_base_in'[0m
    [0m[34m│[0m
    [0m[34m=[0m This warning can be suppressed with '#[allow(unused_variable)]' applied to the 'module' or module member ('const', 'fun', or 'struct')

[0m[1m[38;5;11mwarning[W09002][0m[1m: unused variable[0m
    [0m[34m┌─[0m ./tests/slippage_swap_tests.move:127:17
    [0m[34m│[0m
[0m[34m127[0m [0m[34m│[0m             let [0m[33mdeep_in[0m = mint_for_testing<DEEP>(DEEP_IN, test.ctx());
    [0m[34m│[0m                 [0m[33m^^^^^^^[0m [0m[33mUnused local variable 'deep_in'. Consider removing or prefixing with an underscore: '_deep_in'[0m
    [0m[34m│[0m
    [0m[34m=[0m This warning can be suppressed with '#[allow(unused_variable)]' applied to the 'module' or module member ('const', 'fun', or 'struct')

[0m[1m[38;5;9merror[E03006][0m[1m: unexpected name in this position[0m
    [0m[34m┌─[0m ./tests/slippage_swap_tests.move:129:13
    [0m[34m│[0m
[0m[34m129[0m [0m[34m│[0m             [0m[31mslippage_swap::swap_exact_base_for_quote[0m<SUI, USDC>(
    [0m[34m│[0m             [0m[31m^^^^^^^^^^^^^^^^^^^^^^^^^^^^^^^^^^^^^^^^[0m [0m[31mUnexpected module identifier. A module identifier is not a valid expression[0m

[0m[1m[38;5;11mwarning[W09002][0m[1m: unused variable[0m
    [0m[34m┌─[0m ./tests/slippage_swap_tests.move:166:13
    [0m[34m│[0m
[0m[34m166[0m [0m[34m│[0m         let [0m[33mbase_in[0m = mint_for_testing<SUI>(base_in_amount(), test.ctx());
    [0m[34m│[0m             [0m[33m^^^^^^^[0m [0m[33mUnused local variable 'base_in'. Consider removing or prefixing with an underscore: '_base_in'[0m
    [0m[34m│[0m
    [0m[34m=[0m This warning can be suppressed with '#[allow(unused_variable)]' applied to the 'module' or module member ('const', 'fun', or 'struct')

[0m[1m[38;5;11mwarning[W09002][0m[1m: unused variable[0m
    [0m[34m┌─[0m ./tests/slippage_swap_tests.move:167:13
    [0m[34m│[0m
[0m[34m167[0m [0m[34m│[0m         let [0m[33mdeep_in[0m = mint_for_testing<DEEP>(DEEP_IN, test.ctx());
    [0m[34m│[0m             [0m[33m^^^^^^^[0m [0m[33mUnused local variable 'deep_in'. Consider removing or prefixing with an underscore: '_deep_in'[0m
    [0m[34m│[0m
    [0m[34m=[0m This warning can be suppressed with '#[allow(unused_variable)]' applied to the 'module' or module member ('const', 'fun', or 'struct')

[0m[1m[38;5;9merror[E03006][0m[1m: unexpected name in this position[0m
    [0m[34m┌─[0m ./tests/slippage_swap_tests.move:169:9
    [0m[34m│[0m
[0m[34m169[0m [0m[34m│[0m         [0m[31mslippage_swap::swap_exact_base_for_quote[0m<SUI, USDC>(
    [0m[34m│[0m         [0m[31m^^^^^^^^^^^^^^^^^^^^^^^^^^^^^^^^^^^^^^^^[0m [0m[31mUnexpected module identifier. A module identifier is not a valid expression[0m

[0m[1m[38;5;11mwarning[W09002][0m[1m: unused variable[0m
    [0m[34m┌─[0m ./tests/slippage_swap_tests.move:203:13
    [0m[34m│[0m
[0m[34m203[0m [0m[34m│[0m         let [0m[33mbase_in[0m = mint_for_testing<SUI>(base_in_amount(), test.ctx());
    [0m[34m│[0m             [0m[33m^^^^^^^[0m [0m[33mUnused local variable 'base_in'. Consider removing or prefixing with an underscore: '_base_in'[0m
    [0m[34m│[0m
    [0m[34m=[0m This warning can be suppressed with '#[allow(unused_variable)]' applied to the 'module' or module member ('const', 'fun', or 'struct')

[0m[1m[38;5;11mwarning[W09002][0m[1m: unused variable[0m
    [0m[34m┌─[0m ./tests/slippage_swap_tests.move:204:13
    [0m[34m│[0m
[0m[34m204[0m [0m[34m│[0m         let [0m[33mdeep_in[0m = mint_for_testing<DEEP>(DEEP_IN, test.ctx());
    [0m[34m│[0m             [0m[33m^^^^^^^[0m [0m[33mUnused local variable 'deep_in'. Consider removing or prefixing with an underscore: '_deep_in'[0m
    [0m[34m│[0m
    [0m[34m=[0m This warning can be suppressed with '#[allow(unused_variable)]' applied to the 'module' or module member ('const', 'fun', or 'struct')

[0m[1m[38;5;9merror[E03006][0m[1m: unexpected name in this position[0m
    [0m[34m┌─[0m ./tests/slippage_swap_tests.move:206:9
    [0m[34m│[0m
[0m[34m206[0m [0m[34m│[0m         [0m[31mslippage_swap::swap_exact_base_for_quote[0m<SUI, USDC>(
    [0m[34m│[0m         [0m[31m^^^^^^^^^^^^^^^^^^^^^^^^^^^^^^^^^^^^^^^^[0m [0m[31mUnexpected module identifier. A module identifier is not a valid expression[0m

[0m[1m[38;5;11mwarning[W09002][0m[1m: unused variable[0m
    [0m[34m┌─[0m ./tests/slippage_swap_tests.move:241:13
    [0m[34m│[0m
[0m[34m241[0m [0m[34m│[0m         let [0m[33mbase_in[0m = mint_for_testing<SUI>(base_in_amount(), test.ctx());
    [0m[34m│[0m             [0m[33m^^^^^^^[0m [0m[33mUnused local variable 'base_in'. Consider removing or prefixing with an underscore: '_base_in'[0m
    [0m[34m│[0m
    [0m[34m=[0m This warning can be suppressed with '#[allow(unused_variable)]' applied to the 'module' or module member ('const', 'fun', or 'struct')

[0m[1m[38;5;11mwarning[W09002][0m[1m: unused variable[0m
    [0m[34m┌─[0m ./tests/slippage_swap_tests.move:242:13
    [0m[34m│[0m
[0m[34m242[0m [0m[34m│[0m         let [0m[33mdeep_in[0m = mint_for_testing<DEEP>(DEEP_IN, test.ctx());
    [0m[34m│[0m             [0m[33m^^^^^^^[0m [0m[33mUnused local variable 'deep_in'. Consider removing or prefixing with an underscore: '_deep_in'[0m
    [0m[34m│[0m
    [0m[34m=[0m This warning can be suppressed with '#[allow(unused_variable)]' applied to the 'module' or module member ('const', 'fun', or 'struct')

[0m[1m[38;5;9merror[E03006][0m[1m: unexpected name in this position[0m
    [0m[34m┌─[0m ./tests/slippage_swap_tests.move:244:9
    [0m[34m│[0m
[0m[34m244[0m [0m[34m│[0m         [0m[31mslippage_swap::swap_exact_base_for_quote[0m<SUI, USDC>(
    [0m[34m│[0m         [0m[31m^^^^^^^^^^^^^^^^^^^^^^^^^^^^^^^^^^^^^^^^[0m [0m[31mUnexpected module identifier. A module identifier is not a valid expression[0m

[0m[1m[38;5;9merror[E03003][0m[1m: unbound module member[0m
    [0m[34m┌─[0m /Users/alilloig/workspace/deepbook-sandbox/sandbox/.external-packages/deepbook_margin/tests/helper/test_helpers.move:435:5
    [0m[34m│[0m
[0m[34m435[0m [0m[34m│[0m     [0m[31mprice_info::new_price_info_object_for_test[0m(price_info, scenario.ctx())
    [0m[34m│[0m     [0m[31m^^^^^^^^^^^^^^^^^^^^^^^^^^^^^^^^^^^^^^^^^^[0m [0m[31mInvalid module access. Unbound function 'new_price_info_object_for_test' in module 'pyth::price_info'[0m

